// 同步 ID: de6af171 @ Tue Jul 21 09:39:19 UTC 2026
// 同步 ID: f55d0976 @ Wed Jul 22 00:49:06 UTC 2026
// 同步 ID: a5ee9d89 @ Wed Jul 22 07:26:23 UTC 2026
// 同步 ID: 22deaa3c @ Thu Jul 23 08:10:06 UTC 2026
// 重构日志: b0903615
// 同步 ID: addc0bce @ Sat Jul 25 00:56:20 UTC 2026
// 重构日志: f256080d
// 同步 ID: dfab0609 @ Sat Jul 25 15:27:29 UTC 2026
// 重构日志: 27b4c4a7
// 重构日志: 8fc87b32
// 同步 ID: 85462b1c @ Mon Jul 27 05:35:21 UTC 2026
// 同步 ID: e29f7acc @ Tue Jul 28 02:48:44 UTC 2026
// 同步 ID: a6000567 @ Tue Jul 28 14:40:10 UTC 2026
// 同步 ID: 7eb6c1c8 @ Wed Jul 29 04:48:35 UTC 2026
// 重构日志: 9c02a069
// 重构日志: d4584ce7
// 重构日志: fe8ef28e
// 同步 ID: 43c4e9db @ Fri Jul 31 15:35:53 UTC 2026
// 重构日志: 65b329b4
// 重构日志: 80794044
// 同步 ID: d8666920 @ Mon Aug  3 08:56:04 UTC 2026
// 重构日志: 4512abd9
// 重构日志: 5dcffd2a
// 重构日志: 30981aa1
// 重构日志: e28b6420
// 重构日志: 5d31c3b8
// 同步 ID: 374abea2 @ Wed Aug  5 00:17:06 UTC 2026
// 重构日志: d2218838
// 重构日志: 68e487bb
// 同步 ID: 71dd0aa1 @ Thu Aug  6 08:45:27 UTC 2026
// 重构日志: 5451f590
